// Jest Snapshot v1, https://goo.gl/fbAQLP

exports[`DropDown rendering without Error 1`] = `
<div>
  <WithStyles(ForwardRef(FormControl))
    className="makeStyles-formControl-2"
  >
    <WithStyles(ForwardRef(InputLabel))
      id="demo-controlled-open-select-label"
    >
      Select Health Topic
    </WithStyles(ForwardRef(InputLabel))>
    <WithStyles(ForwardRef(Select))
      id="demo-controlled-open-select"
      labelId="demo-controlled-open-select-label"
      onChange={[Function]}
      onClose={[Function]}
      onOpen={[Function]}
      open={false}
      value=""
    >
      <WithStyles(ForwardRef(MenuItem))
        value=""
      >
        <em>
          None
        </em>
      </WithStyles(ForwardRef(MenuItem))>
      <WithStyles(ForwardRef(MenuItem))
        value={10}
      >
        Cancer
      </WithStyles(ForwardRef(MenuItem))>
      <WithStyles(ForwardRef(MenuItem))
        value={20}
      >
        Blood Pressure
      </WithStyles(ForwardRef(MenuItem))>
      <WithStyles(ForwardRef(MenuItem))
        value={30}
      >
        Covid-19
      </WithStyles(ForwardRef(MenuItem))>
    </WithStyles(ForwardRef(Select))>
  </WithStyles(ForwardRef(FormControl))>
</div>
`;
